---
source: crates/ruff/src/rules/pylint/mod.rs
---
invalid_characters.py:34:13: PLE2515 [*] Invalid unescaped character zero-width-space, use "\u200B" instead
   |
34 | nul_ok = '\0'
35 | 
36 | zwsp = 'zero​width'
   |              PLE2515
37 | 
38 | zwsp_ok = '\u200b'
   |
   = help: Replace with escape sequence

ℹ Suggested fix
31 31 | 
32 32 | nul_ok = '\0'
33 33 | 
34    |-zwsp = 'zero​width'
   34 |+zwsp = 'zero\u200bwidth'
35 35 | 
36 36 | zwsp_ok = '\u200b'


