---
source: crates/ruff/src/rules/flake8_comprehensions/mod.rs
---
C414.py:2:1: C414 [*] Unnecessary `list` call within `list()`
  |
2 | x = [1, 2, 3]
3 | list(list(x))
  | ^^^^^^^^^^^^^ C414
4 | list(tuple(x))
5 | tuple(list(x))
  |
  = help: Remove the inner `list` call

ℹ Suggested fix
1 1 | x = [1, 2, 3]
2   |-list(list(x))
  2 |+list(x)
3 3 | list(tuple(x))
4 4 | tuple(list(x))
5 5 | tuple(tuple(x))

C414.py:3:1: C414 [*] Unnecessary `tuple` call within `list()`
  |
3 | x = [1, 2, 3]
4 | list(list(x))
5 | list(tuple(x))
  | ^^^^^^^^^^^^^^ C414
6 | tuple(list(x))
7 | tuple(tuple(x))
  |
  = help: Remove the inner `tuple` call

ℹ Suggested fix
1 1 | x = [1, 2, 3]
2 2 | list(list(x))
3   |-list(tuple(x))
  3 |+list(x)
4 4 | tuple(list(x))
5 5 | tuple(tuple(x))
6 6 | set(set(x))

C414.py:4:1: C414 [*] Unnecessary `list` call within `tuple()`
  |
4 | list(list(x))
5 | list(tuple(x))
6 | tuple(list(x))
  | ^^^^^^^^^^^^^^ C414
7 | tuple(tuple(x))
8 | set(set(x))
  |
  = help: Remove the inner `list` call

ℹ Suggested fix
1 1 | x = [1, 2, 3]
2 2 | list(list(x))
3 3 | list(tuple(x))
4   |-tuple(list(x))
  4 |+tuple(x)
5 5 | tuple(tuple(x))
6 6 | set(set(x))
7 7 | set(list(x))

C414.py:5:1: C414 [*] Unnecessary `tuple` call within `tuple()`
  |
5 | list(tuple(x))
6 | tuple(list(x))
7 | tuple(tuple(x))
  | ^^^^^^^^^^^^^^^ C414
8 | set(set(x))
9 | set(list(x))
  |
  = help: Remove the inner `tuple` call

ℹ Suggested fix
2 2 | list(list(x))
3 3 | list(tuple(x))
4 4 | tuple(list(x))
5   |-tuple(tuple(x))
  5 |+tuple(x)
6 6 | set(set(x))
7 7 | set(list(x))
8 8 | set(tuple(x))

C414.py:6:1: C414 [*] Unnecessary `set` call within `set()`
   |
 6 | tuple(list(x))
 7 | tuple(tuple(x))
 8 | set(set(x))
   | ^^^^^^^^^^^ C414
 9 | set(list(x))
10 | set(tuple(x))
   |
   = help: Remove the inner `set` call

ℹ Suggested fix
3 3 | list(tuple(x))
4 4 | tuple(list(x))
5 5 | tuple(tuple(x))
6   |-set(set(x))
  6 |+set(x)
7 7 | set(list(x))
8 8 | set(tuple(x))
9 9 | set(sorted(x))

C414.py:7:1: C414 [*] Unnecessary `list` call within `set()`
   |
 7 | tuple(tuple(x))
 8 | set(set(x))
 9 | set(list(x))
   | ^^^^^^^^^^^^ C414
10 | set(tuple(x))
11 | set(sorted(x))
   |
   = help: Remove the inner `list` call

ℹ Suggested fix
4 4 | tuple(list(x))
5 5 | tuple(tuple(x))
6 6 | set(set(x))
7   |-set(list(x))
  7 |+set(x)
8 8 | set(tuple(x))
9 9 | set(sorted(x))
10 10 | set(reversed(x))

C414.py:8:1: C414 [*] Unnecessary `tuple` call within `set()`
   |
 8 | set(set(x))
 9 | set(list(x))
10 | set(tuple(x))
   | ^^^^^^^^^^^^^ C414
11 | set(sorted(x))
12 | set(reversed(x))
   |
   = help: Remove the inner `tuple` call

ℹ Suggested fix
5 5 | tuple(tuple(x))
6 6 | set(set(x))
7 7 | set(list(x))
8   |-set(tuple(x))
  8 |+set(x)
9 9 | set(sorted(x))
10 10 | set(reversed(x))
11 11 | sorted(list(x))

C414.py:9:1: C414 [*] Unnecessary `sorted` call within `set()`
   |
 9 | set(list(x))
10 | set(tuple(x))
11 | set(sorted(x))
   | ^^^^^^^^^^^^^^ C414
12 | set(reversed(x))
13 | sorted(list(x))
   |
   = help: Remove the inner `sorted` call

ℹ Suggested fix
6  6  | set(set(x))
7  7  | set(list(x))
8  8  | set(tuple(x))
9     |-set(sorted(x))
   9  |+set(x)
10 10 | set(reversed(x))
11 11 | sorted(list(x))
12 12 | sorted(tuple(x))

C414.py:10:1: C414 [*] Unnecessary `reversed` call within `set()`
   |
10 | set(tuple(x))
11 | set(sorted(x))
12 | set(reversed(x))
   | ^^^^^^^^^^^^^^^^ C414
13 | sorted(list(x))
14 | sorted(tuple(x))
   |
   = help: Remove the inner `reversed` call

ℹ Suggested fix
7  7  | set(list(x))
8  8  | set(tuple(x))
9  9  | set(sorted(x))
10    |-set(reversed(x))
   10 |+set(x)
11 11 | sorted(list(x))
12 12 | sorted(tuple(x))
13 13 | sorted(sorted(x))

C414.py:11:1: C414 [*] Unnecessary `list` call within `sorted()`
   |
11 | set(sorted(x))
12 | set(reversed(x))
13 | sorted(list(x))
   | ^^^^^^^^^^^^^^^ C414
14 | sorted(tuple(x))
15 | sorted(sorted(x))
   |
   = help: Remove the inner `list` call

ℹ Suggested fix
8  8  | set(tuple(x))
9  9  | set(sorted(x))
10 10 | set(reversed(x))
11    |-sorted(list(x))
   11 |+sorted(x)
12 12 | sorted(tuple(x))
13 13 | sorted(sorted(x))
14 14 | sorted(reversed(x))

C414.py:12:1: C414 [*] Unnecessary `tuple` call within `sorted()`
   |
12 | set(reversed(x))
13 | sorted(list(x))
14 | sorted(tuple(x))
   | ^^^^^^^^^^^^^^^^ C414
15 | sorted(sorted(x))
16 | sorted(reversed(x))
   |
   = help: Remove the inner `tuple` call

ℹ Suggested fix
9  9  | set(sorted(x))
10 10 | set(reversed(x))
11 11 | sorted(list(x))
12    |-sorted(tuple(x))
   12 |+sorted(x)
13 13 | sorted(sorted(x))
14 14 | sorted(reversed(x))
15 15 | tuple(

C414.py:13:1: C414 [*] Unnecessary `sorted` call within `sorted()`
   |
13 | sorted(list(x))
14 | sorted(tuple(x))
15 | sorted(sorted(x))
   | ^^^^^^^^^^^^^^^^^ C414
16 | sorted(reversed(x))
17 | tuple(
   |
   = help: Remove the inner `sorted` call

ℹ Suggested fix
10 10 | set(reversed(x))
11 11 | sorted(list(x))
12 12 | sorted(tuple(x))
13    |-sorted(sorted(x))
   13 |+sorted(x)
14 14 | sorted(reversed(x))
15 15 | tuple(
16 16 |     list(

C414.py:14:1: C414 [*] Unnecessary `reversed` call within `sorted()`
   |
14 | sorted(tuple(x))
15 | sorted(sorted(x))
16 | sorted(reversed(x))
   | ^^^^^^^^^^^^^^^^^^^ C414
17 | tuple(
18 |     list(
   |
   = help: Remove the inner `reversed` call

ℹ Suggested fix
11 11 | sorted(list(x))
12 12 | sorted(tuple(x))
13 13 | sorted(sorted(x))
14    |-sorted(reversed(x))
   14 |+sorted(x)
15 15 | tuple(
16 16 |     list(
17 17 |         [x, 3, "hell"\

C414.py:15:1: C414 [*] Unnecessary `list` call within `tuple()`
   |
15 |   sorted(sorted(x))
16 |   sorted(reversed(x))
17 | / tuple(
18 | |     list(
19 | |         [x, 3, "hell"\
20 | |         "o"]
21 | |     )
22 | | )
   | |_^ C414
   |
   = help: Remove the inner `list` call

ℹ Suggested fix
13 13 | sorted(sorted(x))
14 14 | sorted(reversed(x))
15 15 | tuple(
16    |-    list(
17    |-        [x, 3, "hell"\
   16 |+    [x, 3, "hell"\
18 17 |         "o"]
19 18 |     )
20    |-)


